---
source: tests/fileset_multi_ingest.rs
expression: out
---
==> config.json <==
{
  "service": {
    "enabled": true,
    "endpoints": [
      "/health",
      "/status"
      …
    ]
  }
}

==> settings.yaml <==
environments:
  prod:
    replicas: 4
    region: eu-west-1
  staging:
    replicas: 1
    region: us-east-1


==> script.sh <==
1: #!/usr/bin/env bash
2: set -euo pipefail
3: echo "deploy"
