---
source: tests/jsonl.rs
expression: out
---
1: {
  "id": 1,
  "name": "Alice",
  "email": "alice@example.com"
}
2: {
  "id": 2,
  "name": "Bob",
  "email": "bob@example.com"
}
3: {
  "id": 3,
  "name": "Charlie",
  "email": "charlie@example.com"
}
4: {
  "id": 4,
  "name": "Diana",
  "email": "diana@example.com"
}
5: {
  "id": 5,
  "name": "Eve",
  "email": "eve@example.com"
}
