---
source: tests/yaml_suite_snapshots.rs
expression: full
---
- name: Invalid sequene item on same line as previous item
  from: "@perlpunk"
  tags: error flow mapping sequence
  fail: true
  yaml: "---\n- { y: z }- invalid\n"
  tree: "+STR\n +DOC ---\n  +SEQ\n   +MAP {}\n    =VAL :y\n    =VAL :z\n   -MAP\n"
