---
source: tests/yaml_suite_snapshots.rs
expression: med
---
- name: Spec Example 2.10. Node for “Sammy Sosa” appears twice in this document
  from: "http://www.yaml.org/spec/1.2/spec.html#id2760658"
  tags: mapping sequence spec alias
  yaml: "---\nhr:\n  - Mark McGwire\n  # Following node labeled SS\n  - &SS Sammy Sosa\nrbi:\n  - *SS # …"
  tree: "+STR\n +DOC ---\n  +MAP\n   =VAL :hr\n   +SEQ\n    =VAL :Mark McGwire\n    =VAL &SS :Sammy Sosa…"
  json: "{\n  \"hr\": [\n    \"Mark McGwire\",\n    \"Sammy Sosa\"\n  ],\n  \"rbi\": [\n    \"Sammy Sosa\",\n    \"…"
  dump: "---\nhr:\n- Mark McGwire\n- &SS Sammy Sosa\nrbi:\n- *SS\n- Ken Griffey\n"
