---
source: tests/yaml_suite_snapshots.rs
expression: med
---
- name: Spec Example 5.3. Block Structure Indicators
  from: "http://www.yaml.org/spec/1.2/spec.html#id2772312"
  tags: explicit-key spec mapping sequence
  yaml: "sequence:\n- one\n- two\nmapping:\n  ? sky\n  : blue\n  sea : green\n"
  tree: "+STR\n +DOC\n  +MAP\n   =VAL :sequence\n   +SEQ\n    =VAL :one\n    =VAL :two\n   -SEQ\n   =VAL :mapping\n   +MAP\n    =VAL :sky\n    =VAL…"
  json: "{\n  \"sequence\": [\n    \"one\",\n    \"two\"\n  ],\n  \"mapping\": {\n    \"sky\": \"blue\",\n    \"sea\": \"green\"\n  }\n}\n"
  dump: "sequence:\n- one\n- two\nmapping:\n  sky: blue\n  sea: green\n"
