---
source: tests/yaml_suite_snapshots.rs
expression: med
---
- name: Allowed characters in plain scalars
  from: "@perlpunk"
  tags: scalar
  yaml: "safe: a!\"#$%&'()*+,-./09:;<=>?@AZ[\\]^_`az{|}~\n     !\"#$%&'()*+,-./09:;<=>?@AZ[\\]^_`az{|}~\nsafe question mark…"
  tree: "+STR\n +DOC\n  +MAP\n   =VAL :safe\n   =VAL :a!\"#$%&'()*+,-./09:;<=>?@AZ[\\\\]^_`az{|}~ !\"#$%&'()*+,-./09:;<=>?@AZ…"
  json: "{\n  \"safe\": \"a!\\\"#$%&'()*+,-./09:;<=>?@AZ[\\\\]^_`az{|}~ !\\\"#$%&'()*+,-./09:;<=>?@AZ[\\\\]^_`az{|}~\",\n  \"safe qu…"
  dump: "safe: a!\"#$%&'()*+,-./09:;<=>?@AZ[\\]^_`az{|}~ !\"#$%&'()*+,-./09:;<=>?@AZ[\\]^_`az{|}~\nsafe question mark: ?f…"
