---
source: tests/yaml_suite_snapshots.rs
expression: med
---
- name: Whitespace around colon in mappings
  from: "@perlpunk"
  tags: alias mapping whitespace
  yaml: "\"top1\" :␣\n  \"key1\" : &alias1 scalar1\n'top2' :␣\n  'key2' : &alias2 scalar2\ntop3: &node3␣\n  *alias1 …"
  tree: "+STR\n +DOC\n  +MAP\n   =VAL \"top1\n   +MAP\n    =VAL \"key1\n    =VAL &alias1 :scalar1\n   -MAP\n   =VAL '…"
  json: "{\n  \"top1\": {\n    \"key1\": \"scalar1\"\n  },\n  \"top2\": {\n    \"key2\": \"scalar2\"\n  },\n  \"top3\": {\n    \"…"
  dump: "\"top1\":\n  \"key1\": &alias1 scalar1\n'top2':\n  'key2': &alias2 scalar2\ntop3: &node3\n  *alias1 : scal…"
