---
source: tests/yaml_suite_snapshots.rs
expression: med
---
- name: Spec Example 7.3. Completely Empty Flow Nodes
  from: "http://www.yaml.org/spec/1.2/spec.html#id2786868"
  tags: empty-key explicit-key spec flow mapping
  yaml: "{\n  ? foo :,\n  : bar,\n}\n"
  tree: "+STR\n +DOC\n  +MAP {}\n   =VAL :foo\n   =VAL :\n   =VAL :\n   =VAL :bar\n  -MAP\n -DOC\n-STR\n"
