---
source: tests/yaml_suite_snapshots.rs
expression: full
---
- name: Sequence Indent
  from: "https://github.com/ingydotnet/yaml-pegex-pm/blob/master/test/indent.tml"
  tags: sequence indent
  yaml: "foo:\n- 42\nbar:\n  - 44\n"
  tree: "+STR\n +DOC\n  +MAP\n   =VAL :foo\n   +SEQ\n    =VAL :42\n   -SEQ\n   =VAL :bar\n   +SEQ\n    =VAL :44\n   -SEQ\n  -MAP\n -DOC\n-STR\n"
  json: "{\n  \"foo\": [\n    42\n  ],\n  \"bar\": [\n    44\n  ]\n}\n"
  dump: "foo:\n- 42\nbar:\n- 44\n"
