---
source: tests/yaml_suite_snapshots.rs
expression: med
---
- name: Spec Example 7.10. Plain Characters
  from: "http://www.yaml.org/spec/1.2/spec.html#id2789510"
  tags: spec flow sequence scalar
  yaml: "# Outside flow collection:\n- ::vector\n- \": - ()\"\n- Up, up, and away!\n- -123\n- http://example.…"
  tree: "+STR\n +DOC\n  +SEQ\n   =VAL :::vector\n   =VAL \": - ()\n   =VAL :Up, up, and away!\n   =VAL :-123\n…"
  json: "[\n  \"::vector\",\n  \": - ()\",\n  \"Up, up, and away!\",\n  -123,\n  \"http://example.com/foo#bar\",\n …"
  dump: "- ::vector\n- \": - ()\"\n- Up, up, and away!\n- -123\n- http://example.com/foo#bar\n- - ::vector\n …"
