---
source: tests/yaml_suite_snapshots.rs
expression: full
---
- name: Allowed characters in keys
  from: "@perlpunk"
  tags: mapping scalar
  yaml: "a!\"#$%&'()*+,-./09:;<=>?@AZ[\\]^_`az{|}~: safe\n?foo: safe question mark\n:foo: safe colon\n-foo: safe dash\nthis is#not: a comment\n"
  tree: "+STR\n +DOC\n  +MAP\n   =VAL :a!\"#$%&'()*+,-./09:;<=>?@AZ[\\\\]^_`az{|}~\n   =VAL :safe\n   =VAL :?foo\n   =VAL :safe question mark\n   =VAL ::foo\n   =VAL :safe colon\n   =VAL :-foo\n   =VAL :safe dash\n   =VAL :this is#not\n   =VAL :a comment\n  -MAP\n -DOC\n-STR\n"
  json: "{\n  \"a!\\\"#$%&'()*+,-./09:;<=>?@AZ[\\\\]^_`az{|}~\": \"safe\",\n  \"?foo\": \"safe question mark\",\n  \":foo\": \"safe colon\",\n  \"-foo\": \"safe dash\",\n  \"this is#not\": \"a comment\"\n}\n"
  dump: "a!\"#$%&'()*+,-./09:;<=>?@AZ[\\]^_`az{|}~: safe\n?foo: safe question mark\n:foo: safe colon\n-foo: safe dash\nthis is#not: a comment\n"
