---
source: tests/yaml_suite_snapshots.rs
expression: med
---
- name: Trailing comment in multiline plain scalar
  from: "@perlpunk"
  tags: comment error scalar
  fail: true
  yaml: "---\nplain: a\n       b # end of scalar\n       c\n"
  tree: "+STR\n +DOC ---\n  +MAP\n   =VAL :plain\n   =VAL :a b\n"
