---
source: tests/yaml_suite_snapshots.rs
expression: med
---
- name: Comment between plain scalar lines
  from: "https://gist.github.com/anonymous/269f16d582fdd30a7dcf8c9249c5da7f via @ingydotnet"
  tags: error scalar
  fail: true
  yaml: "word1  # comment\nword2\n"
  tree: "+STR\n +DOC\n  =VAL :word1\n -DOC\n"
