---
source: tests/yaml_suite_snapshots.rs
expression: full
---
- name: Invalid scalar at the end of mapping
  from: "@perlpunk"
  tags: error mapping sequence
  fail: true
  yaml: "key:\n - item1\n - item2\ninvalid\n"
  tree: "+STR\n +DOC\n  +MAP\n   =VAL :key\n   +SEQ\n    =VAL :item1\n    =VAL :item2\n   -SEQ\n"
