---
source: tests/yaml_suite_snapshots.rs
expression: med
---
- name: Spec Example 8.5. Chomping Trailing Lines
  from: "http://www.yaml.org/spec/1.2/spec.html#id2795435"
  tags: spec literal scalar comment
  yaml: " # Strip\n  # Comments:\nstrip: |-\n  # text\n␣␣\n # Clip\n  # comments:\n\nclip: |\n  # text\n␣\n # Keep\n  # comments:\n\n…"
  tree: "+STR\n +DOC\n  +MAP\n   =VAL :strip\n   =VAL |# text\n   =VAL :clip\n   =VAL |# text\\n\n   =VAL :keep\n   =VAL |# tex…"
  json: "{\n  \"strip\": \"# text\",\n  \"clip\": \"# text\\n\",\n  \"keep\": \"# text\\n\\n\"\n}\n"
  dump: "strip: |-\n  # text\nclip: |\n  # text\nkeep: |+\n  # text\n\n...\n"
